com/smartnet/ad/resource/AppResource.class
com/smartnet/ad/service/ScheduleService.class
com/smartnet/ad/wsdl/UpdateBody.class
com/smartnet/ad/listener/LDAPHandleListener.class
com/smartnet/ad/repository/AdUserRepository.class
com/smartnet/ad/wsdl/getall/envelope/GetAllCardResponse.class
com/smartnet/ad/controller/CardController.class
com/smartnet/ad/service/InitializeApp.class
com/smartnet/ad/entity/User.class
com/smartnet/ad/service/LDAPModify.class
com/smartnet/ad/wsdl/update/Envelope.class
com/smartnet/ad/MainApp.class
com/smartnet/ad/wsdl/addcard/Envelope.class
com/smartnet/ad/wsdl/DeleteCard.class
com/smartnet/ad/wsdl/update/UpdateCard.class
com/smartnet/ad/wsdl/getall/envelope/Envelope.class
com/smartnet/ad/wsdl/getall/envelope/GetAllCardResult.class
com/smartnet/ad/resource/CardResource.class
com/smartnet/ad/wsdl/delete/DeleteEnvelope.class
com/smartnet/ad/repository/SettingRepository.class
com/smartnet/ad/repository/SyncLogRepository.class
com/smartnet/ad/entity/CardProfiles.class
com/smartnet/ad/wsdl/CardProfile.class
com/smartnet/ad/entity/ScheduleTask.class
com/smartnet/ad/wsdl/Body.class
com/smartnet/ad/service/LDAPSearch.class
com/smartnet/ad/entity/AppSetting.class
com/smartnet/ad/repository/ScheduleTaskRepository.class
com/smartnet/ad/entity/SyncLog.class
com/smartnet/ad/controller/HomeController.class
com/smartnet/ad/wsdl/getall/DocumentElement.class
com/smartnet/ad/resource/UserResource.class
com/smartnet/ad/wsdl/params/PostParams.class
com/smartnet/ad/MainApp$MyApp.class
com/smartnet/ad/service/LDAPService.class
com/smartnet/ad/wsdl/DeleteBody.class
com/smartnet/ad/jobs/MyJob.class
com/smartnet/ad/wsdl/getall/Card.class
com/smartnet/ad/result/MessageResult.class
com/smartnet/ad/wsdl/addcard/AddBody.class
com/smartnet/ad/entity/AdOrganization.class
com/smartnet/ad/repository/AdOrgRepository.class
com/smartnet/ad/controller/SettingController.class
com/smartnet/ad/wsdl/adderror/AddCardResult.class
com/smartnet/ad/wsdl/delete/DeleteCardResponse.class
com/smartnet/ad/proxy/VaultProxy.class
com/smartnet/ad/service/SoapUtils.class
com/smartnet/ad/controller/UserController.class
com/smartnet/ad/entity/AdUser.class
com/smartnet/ad/wsdl/delete/DeleteCardResult.class
com/smartnet/ad/wsdl/getall/Diffgram.class
com/smartnet/ad/wsdl/getall/envelope/Body.class
com/smartnet/ad/wsdl/adderror/Body.class
com/smartnet/ad/repository/UserRepository.class
com/smartnet/ad/wsdl/delete/DeleteCard.class
com/smartnet/ad/wsdl/addcard/AddCard.class
com/smartnet/ad/wsdl/getall/datatable/DataTable.class
com/smartnet/ad/repository/CardRepository.class
com/smartnet/ad/wsdl/adderror/ErrorEnvelope.class
com/smartnet/ad/wsdl/adderror/AddCardResponse.class
com/smartnet/ad/wsdl/UpdateCard.class
com/smartnet/ad/service/GetAllUtils.class
com/smartnet/ad/wsdl/update/UpdateBody.class
com/smartnet/ad/proxy/OnChangeResult.class
com/smartnet/ad/service/DotenvConfig.class
com/smartnet/ad/service/FalcoService.class
com/smartnet/ad/controller/OrganizationController.class
com/smartnet/ad/resource/AuthResource.class
com/smartnet/ad/AppLifecycleBean.class
