/Users/sonywibisono/Projects/Active Directory/source/ad-listener/src/main/java/com/smartnet/ad/AppLifecycleBean.java
/Users/sonywibisono/Projects/Active Directory/source/ad-listener/src/main/java/com/smartnet/ad/MainApp.java
/Users/sonywibisono/Projects/Active Directory/source/ad-listener/src/main/java/com/smartnet/ad/controller/CardController.java
/Users/sonywibisono/Projects/Active Directory/source/ad-listener/src/main/java/com/smartnet/ad/controller/HomeController.java
/Users/sonywibisono/Projects/Active Directory/source/ad-listener/src/main/java/com/smartnet/ad/controller/OrganizationController.java
/Users/sonywibisono/Projects/Active Directory/source/ad-listener/src/main/java/com/smartnet/ad/controller/SettingController.java
/Users/sonywibisono/Projects/Active Directory/source/ad-listener/src/main/java/com/smartnet/ad/controller/UserController.java
/Users/sonywibisono/Projects/Active Directory/source/ad-listener/src/main/java/com/smartnet/ad/entity/AdOrganization.java
/Users/sonywibisono/Projects/Active Directory/source/ad-listener/src/main/java/com/smartnet/ad/entity/AdUser.java
/Users/sonywibisono/Projects/Active Directory/source/ad-listener/src/main/java/com/smartnet/ad/entity/AppSetting.java
/Users/sonywibisono/Projects/Active Directory/source/ad-listener/src/main/java/com/smartnet/ad/entity/CardProfiles.java
/Users/sonywibisono/Projects/Active Directory/source/ad-listener/src/main/java/com/smartnet/ad/entity/ScheduleTask.java
/Users/sonywibisono/Projects/Active Directory/source/ad-listener/src/main/java/com/smartnet/ad/entity/SyncLog.java
/Users/sonywibisono/Projects/Active Directory/source/ad-listener/src/main/java/com/smartnet/ad/entity/User.java
/Users/sonywibisono/Projects/Active Directory/source/ad-listener/src/main/java/com/smartnet/ad/jobs/MyJob.java
/Users/sonywibisono/Projects/Active Directory/source/ad-listener/src/main/java/com/smartnet/ad/listener/LDAPHandleListener.java
/Users/sonywibisono/Projects/Active Directory/source/ad-listener/src/main/java/com/smartnet/ad/proxy/OnChangeResult.java
/Users/sonywibisono/Projects/Active Directory/source/ad-listener/src/main/java/com/smartnet/ad/proxy/VaultProxy.java
/Users/sonywibisono/Projects/Active Directory/source/ad-listener/src/main/java/com/smartnet/ad/repository/AdOrgRepository.java
/Users/sonywibisono/Projects/Active Directory/source/ad-listener/src/main/java/com/smartnet/ad/repository/AdUserRepository.java
/Users/sonywibisono/Projects/Active Directory/source/ad-listener/src/main/java/com/smartnet/ad/repository/CardRepository.java
/Users/sonywibisono/Projects/Active Directory/source/ad-listener/src/main/java/com/smartnet/ad/repository/ScheduleTaskRepository.java
/Users/sonywibisono/Projects/Active Directory/source/ad-listener/src/main/java/com/smartnet/ad/repository/SettingRepository.java
/Users/sonywibisono/Projects/Active Directory/source/ad-listener/src/main/java/com/smartnet/ad/repository/SyncLogRepository.java
/Users/sonywibisono/Projects/Active Directory/source/ad-listener/src/main/java/com/smartnet/ad/repository/UserRepository.java
/Users/sonywibisono/Projects/Active Directory/source/ad-listener/src/main/java/com/smartnet/ad/resource/AppResource.java
/Users/sonywibisono/Projects/Active Directory/source/ad-listener/src/main/java/com/smartnet/ad/resource/AuthResource.java
/Users/sonywibisono/Projects/Active Directory/source/ad-listener/src/main/java/com/smartnet/ad/resource/CardResource.java
/Users/sonywibisono/Projects/Active Directory/source/ad-listener/src/main/java/com/smartnet/ad/resource/UserResource.java
/Users/sonywibisono/Projects/Active Directory/source/ad-listener/src/main/java/com/smartnet/ad/result/MessageResult.java
/Users/sonywibisono/Projects/Active Directory/source/ad-listener/src/main/java/com/smartnet/ad/service/DotenvConfig.java
/Users/sonywibisono/Projects/Active Directory/source/ad-listener/src/main/java/com/smartnet/ad/service/FalcoService.java
/Users/sonywibisono/Projects/Active Directory/source/ad-listener/src/main/java/com/smartnet/ad/service/GetAllUtils.java
/Users/sonywibisono/Projects/Active Directory/source/ad-listener/src/main/java/com/smartnet/ad/service/InitializeApp.java
/Users/sonywibisono/Projects/Active Directory/source/ad-listener/src/main/java/com/smartnet/ad/service/LDAPModify.java
/Users/sonywibisono/Projects/Active Directory/source/ad-listener/src/main/java/com/smartnet/ad/service/LDAPSearch.java
/Users/sonywibisono/Projects/Active Directory/source/ad-listener/src/main/java/com/smartnet/ad/service/LDAPService.java
/Users/sonywibisono/Projects/Active Directory/source/ad-listener/src/main/java/com/smartnet/ad/service/ScheduleService.java
/Users/sonywibisono/Projects/Active Directory/source/ad-listener/src/main/java/com/smartnet/ad/service/SoapUtils.java
/Users/sonywibisono/Projects/Active Directory/source/ad-listener/src/main/java/com/smartnet/ad/wsdl/Body.java
/Users/sonywibisono/Projects/Active Directory/source/ad-listener/src/main/java/com/smartnet/ad/wsdl/CardProfile.java
/Users/sonywibisono/Projects/Active Directory/source/ad-listener/src/main/java/com/smartnet/ad/wsdl/DeleteBody.java
/Users/sonywibisono/Projects/Active Directory/source/ad-listener/src/main/java/com/smartnet/ad/wsdl/DeleteCard.java
/Users/sonywibisono/Projects/Active Directory/source/ad-listener/src/main/java/com/smartnet/ad/wsdl/UpdateBody.java
/Users/sonywibisono/Projects/Active Directory/source/ad-listener/src/main/java/com/smartnet/ad/wsdl/UpdateCard.java
/Users/sonywibisono/Projects/Active Directory/source/ad-listener/src/main/java/com/smartnet/ad/wsdl/addcard/AddBody.java
/Users/sonywibisono/Projects/Active Directory/source/ad-listener/src/main/java/com/smartnet/ad/wsdl/addcard/AddCard.java
/Users/sonywibisono/Projects/Active Directory/source/ad-listener/src/main/java/com/smartnet/ad/wsdl/addcard/Envelope.java
/Users/sonywibisono/Projects/Active Directory/source/ad-listener/src/main/java/com/smartnet/ad/wsdl/adderror/AddCardResponse.java
/Users/sonywibisono/Projects/Active Directory/source/ad-listener/src/main/java/com/smartnet/ad/wsdl/adderror/AddCardResult.java
/Users/sonywibisono/Projects/Active Directory/source/ad-listener/src/main/java/com/smartnet/ad/wsdl/adderror/Body.java
/Users/sonywibisono/Projects/Active Directory/source/ad-listener/src/main/java/com/smartnet/ad/wsdl/adderror/ErrorEnvelope.java
/Users/sonywibisono/Projects/Active Directory/source/ad-listener/src/main/java/com/smartnet/ad/wsdl/delete/DeleteCard.java
/Users/sonywibisono/Projects/Active Directory/source/ad-listener/src/main/java/com/smartnet/ad/wsdl/delete/DeleteCardResponse.java
/Users/sonywibisono/Projects/Active Directory/source/ad-listener/src/main/java/com/smartnet/ad/wsdl/delete/DeleteCardResult.java
/Users/sonywibisono/Projects/Active Directory/source/ad-listener/src/main/java/com/smartnet/ad/wsdl/delete/DeleteEnvelope.java
/Users/sonywibisono/Projects/Active Directory/source/ad-listener/src/main/java/com/smartnet/ad/wsdl/getall/Card.java
/Users/sonywibisono/Projects/Active Directory/source/ad-listener/src/main/java/com/smartnet/ad/wsdl/getall/Diffgram.java
/Users/sonywibisono/Projects/Active Directory/source/ad-listener/src/main/java/com/smartnet/ad/wsdl/getall/DocumentElement.java
/Users/sonywibisono/Projects/Active Directory/source/ad-listener/src/main/java/com/smartnet/ad/wsdl/getall/datatable/DataTable.java
/Users/sonywibisono/Projects/Active Directory/source/ad-listener/src/main/java/com/smartnet/ad/wsdl/getall/envelope/Body.java
/Users/sonywibisono/Projects/Active Directory/source/ad-listener/src/main/java/com/smartnet/ad/wsdl/getall/envelope/Envelope.java
/Users/sonywibisono/Projects/Active Directory/source/ad-listener/src/main/java/com/smartnet/ad/wsdl/getall/envelope/GetAllCardResponse.java
/Users/sonywibisono/Projects/Active Directory/source/ad-listener/src/main/java/com/smartnet/ad/wsdl/getall/envelope/GetAllCardResult.java
/Users/sonywibisono/Projects/Active Directory/source/ad-listener/src/main/java/com/smartnet/ad/wsdl/params/PostParams.java
/Users/sonywibisono/Projects/Active Directory/source/ad-listener/src/main/java/com/smartnet/ad/wsdl/update/Envelope.java
/Users/sonywibisono/Projects/Active Directory/source/ad-listener/src/main/java/com/smartnet/ad/wsdl/update/UpdateBody.java
/Users/sonywibisono/Projects/Active Directory/source/ad-listener/src/main/java/com/smartnet/ad/wsdl/update/UpdateCard.java
